// Jest Snapshot v1, https://goo.gl/fbAQLP

exports[`BookShelf when books is not present should match snapshot 1`] = `"<div class=\\"bookshelf\\"><h2 class=\\"bookshelf-title\\">currentlyReading</h2><div class=\\"bookshelf-books\\"><p class=\\"bookshelf-message\\">No books found.</p></div></div>"`;

exports[`BookShelf when books is present should match snapshot 1`] = `"<div class=\\"bookshelf\\"><h2 class=\\"bookshelf-title\\">read</h2><div class=\\"bookshelf-books\\"><ol class=\\"books-grid\\"><li><div class=\\"book\\"><div class=\\"book-top\\"><div class=\\"book-cover\\" style=\\"width:128px;height:193px;background-image:url(&quot;thumbnail_0.png&quot;)\\"></div><div class=\\"book-shelf-changer\\"><select><option value=\\"move\\" disabled=\\"\\">Move to...</option><option value=\\"currentlyReading\\">Currently Reading</option><option selected=\\"\\" value=\\"wantToRead\\">Want to Read</option><option value=\\"read\\">Read</option><option value=\\"\\">None</option></select></div></div><div class=\\"book-title\\">Author Mock 0</div><div class=\\"book-authors\\">Title Mock 0</div></div></li><li><div class=\\"book\\"><div class=\\"book-top\\"><div class=\\"book-cover\\" style=\\"width:128px;height:193px;background-image:url(&quot;thumbnail_1.png&quot;)\\"></div><div class=\\"book-shelf-changer\\"><select><option value=\\"move\\" disabled=\\"\\">Move to...</option><option value=\\"currentlyReading\\">Currently Reading</option><option selected=\\"\\" value=\\"wantToRead\\">Want to Read</option><option value=\\"read\\">Read</option><option value=\\"\\">None</option></select></div></div><div class=\\"book-title\\">Author Mock 1</div><div class=\\"book-authors\\">Title Mock 1</div></div></li><li><div class=\\"book\\"><div class=\\"book-top\\"><div class=\\"book-cover\\" style=\\"width:128px;height:193px;background-image:url(&quot;thumbnail_2.png&quot;)\\"></div><div class=\\"book-shelf-changer\\"><select><option value=\\"move\\" disabled=\\"\\">Move to...</option><option value=\\"currentlyReading\\">Currently Reading</option><option selected=\\"\\" value=\\"wantToRead\\">Want to Read</option><option value=\\"read\\">Read</option><option value=\\"\\">None</option></select></div></div><div class=\\"book-title\\">Author Mock 2</div><div class=\\"book-authors\\">Title Mock 2</div></div></li><li><div class=\\"book\\"><div class=\\"book-top\\"><div class=\\"book-cover\\" style=\\"width:128px;height:193px;background-image:url(&quot;thumbnail_3.png&quot;)\\"></div><div class=\\"book-shelf-changer\\"><select><option value=\\"move\\" disabled=\\"\\">Move to...</option><option value=\\"currentlyReading\\">Currently Reading</option><option selected=\\"\\" value=\\"wantToRead\\">Want to Read</option><option value=\\"read\\">Read</option><option value=\\"\\">None</option></select></div></div><div class=\\"book-title\\">Author Mock 3</div><div class=\\"book-authors\\">Title Mock 3</div></div></li></ol></div></div>"`;
