// Jest Snapshot v1, https://goo.gl/fbAQLP

exports[`Book should match snapshot 1`] = `"<div class=\\"book\\"><div class=\\"book-top\\"><div class=\\"book-cover\\" style=\\"width:128px;height:193px;background-image:url(&quot;thumbnail_0.png&quot;)\\"></div><div class=\\"book-shelf-changer\\"><select class=\\"book-shelf-select\\"><option value=\\"move\\" disabled=\\"\\">Move to...</option><option value=\\"currentlyReading\\">Currently Reading</option><option selected=\\"\\" value=\\"wantToRead\\">Want to Read</option><option value=\\"read\\">Read</option><option value=\\"\\">None</option></select></div></div><div class=\\"book-title\\">Author Mock 0</div><div class=\\"book-authors\\">Title Mock 0</div></div>"`;
