// Jest Snapshot v1, https://goo.gl/fbAQLP

exports[`BookList should match snapshot 1`] = `"<div class=\\"list-books\\"><div class=\\"list-books-title\\"><h1>MyReads</h1></div><div class=\\"list-books-content\\"><div class=\\"bookshelf\\"><h2 class=\\"bookshelf-title\\">Current Reading</h2><div class=\\"bookshelf-books\\"><ol class=\\"books-grid\\"><li><div class=\\"book\\"><div class=\\"book-top\\"><div class=\\"book-cover\\" style=\\"width: 128px; height: 193px; background-image: url(thumbnail_0.png);\\"></div><div class=\\"book-shelf-changer\\"><select><option value=\\"move\\" disabled=\\"\\">Move to...</option><option value=\\"currentlyReading\\">Currently Reading</option><option value=\\"wantToRead\\">Want to Read</option><option value=\\"read\\">Read</option><option value=\\"\\">None</option></select></div></div><div class=\\"book-title\\">Author Mock 0</div><div class=\\"book-authors\\">Title Mock 0</div></div></li><li><div class=\\"book\\"><div class=\\"book-top\\"><div class=\\"book-cover\\" style=\\"width: 128px; height: 193px; background-image: url(thumbnail_1.png);\\"></div><div class=\\"book-shelf-changer\\"><select><option value=\\"move\\" disabled=\\"\\">Move to...</option><option value=\\"currentlyReading\\">Currently Reading</option><option value=\\"wantToRead\\">Want to Read</option><option value=\\"read\\">Read</option><option value=\\"\\">None</option></select></div></div><div class=\\"book-title\\">Author Mock 1</div><div class=\\"book-authors\\">Title Mock 1</div></div></li></ol></div></div><div class=\\"bookshelf\\"><h2 class=\\"bookshelf-title\\">Want to Read</h2><div class=\\"bookshelf-books\\"><ol class=\\"books-grid\\"><li><div class=\\"book\\"><div class=\\"book-top\\"><div class=\\"book-cover\\" style=\\"width: 128px; height: 193px; background-image: url(thumbnail_0.png);\\"></div><div class=\\"book-shelf-changer\\"><select><option value=\\"move\\" disabled=\\"\\">Move to...</option><option value=\\"currentlyReading\\">Currently Reading</option><option value=\\"wantToRead\\">Want to Read</option><option value=\\"read\\">Read</option><option value=\\"\\">None</option></select></div></div><div class=\\"book-title\\">Author Mock 0</div><div class=\\"book-authors\\">Title Mock 0</div></div></li><li><div class=\\"book\\"><div class=\\"book-top\\"><div class=\\"book-cover\\" style=\\"width: 128px; height: 193px; background-image: url(thumbnail_1.png);\\"></div><div class=\\"book-shelf-changer\\"><select><option value=\\"move\\" disabled=\\"\\">Move to...</option><option value=\\"currentlyReading\\">Currently Reading</option><option value=\\"wantToRead\\">Want to Read</option><option value=\\"read\\">Read</option><option value=\\"\\">None</option></select></div></div><div class=\\"book-title\\">Author Mock 1</div><div class=\\"book-authors\\">Title Mock 1</div></div></li><li><div class=\\"book\\"><div class=\\"book-top\\"><div class=\\"book-cover\\" style=\\"width: 128px; height: 193px; background-image: url(thumbnail_2.png);\\"></div><div class=\\"book-shelf-changer\\"><select><option value=\\"move\\" disabled=\\"\\">Move to...</option><option value=\\"currentlyReading\\">Currently Reading</option><option value=\\"wantToRead\\">Want to Read</option><option value=\\"read\\">Read</option><option value=\\"\\">None</option></select></div></div><div class=\\"book-title\\">Author Mock 2</div><div class=\\"book-authors\\">Title Mock 2</div></div></li></ol></div></div><div class=\\"bookshelf\\"><h2 class=\\"bookshelf-title\\">Read</h2><div class=\\"bookshelf-books\\"><ol class=\\"books-grid\\"><li><div class=\\"book\\"><div class=\\"book-top\\"><div class=\\"book-cover\\" style=\\"width: 128px; height: 193px; background-image: url(thumbnail_0.png);\\"></div><div class=\\"book-shelf-changer\\"><select><option value=\\"move\\" disabled=\\"\\">Move to...</option><option value=\\"currentlyReading\\">Currently Reading</option><option value=\\"wantToRead\\">Want to Read</option><option value=\\"read\\">Read</option><option value=\\"\\">None</option></select></div></div><div class=\\"book-title\\">Author Mock 0</div><div class=\\"book-authors\\">Title Mock 0</div></div></li></ol></div></div></div><div class=\\"open-search\\"><a href=\\"/search\\"><button type=\\"button\\">Add a book</button></a></div></div>"`;
